// Jest Snapshot v1, https://goo.gl/fbAQLP

exports[`<Loading /> should render properly 1`] = `
<WithStyles(Loading)
  className={null}
  color="primary"
  debounce={700}
  loaded={false}
  size={80}
>
  <Loading
    className={null}
    classes={
      Object {
        "root": "Loading-root-1",
      }
    }
    color="primary"
    debounce={700}
    loaded={false}
    size={80}
  />
</WithStyles(Loading)>
`;
